23:08:09 **** Incremental Build of configuration Debug for project 1_Task_Creation ****
make -j8 all 
arm-none-eabi-gcc "../Core/Src/main.c" -mcpu=cortex-m4 -std=gnu11 -g3 -DDEBUG -DUSE_HAL_DRIVER -DSTM32F446xx -c -I../Core/Inc -I../Drivers/STM32F4xx_HAL_Driver/Inc -I../Drivers/STM32F4xx_HAL_Driver/Inc/Legacy -I../Drivers/CMSIS/Device/ST/STM32F4xx/Include -I../Drivers/CMSIS/Include -I../Middlewares/Third_Party/FreeRTOS/Source/include -I../Middlewares/Third_Party/FreeRTOS/Source/CMSIS_RTOS_V2 -I../Middlewares/Third_Party/FreeRTOS/Source/portable/GCC/ARM_CM4F -O0 -ffunction-sections -fdata-sections -Wall -fstack-usage -MMD -MP -MF"Core/Src/main.d" -MT"Core/Src/main.o" --specs=nano.specs -mfpu=fpv4-sp-d16 -mfloat-abi=hard -mthumb -o "Core/Src/main.o"
arm-none-eabi-gcc -o "1_Task_Creation.elf" @"objects.list"   -mcpu=cortex-m4 -T"E:\ESD courses\stm32F4-FreeRTOS\1_Task_Creation\STM32F446RETX_FLASH.ld" --specs=nosys.specs -Wl,-Map="1_Task_Creation.map" -Wl,--gc-sections -static --specs=nano.specs -mfpu=fpv4-sp-d16 -mfloat-abi=hard -mthumb -Wl,--start-group -lc -lm -Wl,--end-group
Finished building target: 1_Task_Creation.elf
 
arm-none-eabi-size   1_Task_Creation.elf 
arm-none-eabi-objdump -h -S  1_Task_Creation.elf  > "1_Task_Creation.list"
   text	   data	    bss	    dec	    hex	filename
  26324	    124	  20508	  46956	   b76c	1_Task_Creation.elf
Finished building: default.size.stdout
 
Finished building: 1_Task_Creation.list
 
23:08:12 **** Incremental Build of configuration Debug for project 1_Task_Creation ****
make -j8 all 
arm-none-eabi-size   1_Task_Creation.elf 
   text	   data	    bss	    dec	    hex	filename
  26324	    124	  20508	  46956	   b76c	1_Task_Creation.elf
Finished building: default.size.stdout
 
