18:03:09 **** Incremental Build of configuration Debug for project 1_Task_Creation ****
make -j8 all 
arm-none-eabi-size   1_Task_Creation.elf 
   text	   data	    bss	    dec	    hex	filename
  25664	    128	  20520	  46312	   b4e8	1_Task_Creation.elf
Finished building: default.size.stdout
 
18:03:18 **** Incremental Build of configuration Debug for project 1_Task_Creation ****
make -j8 all 
arm-none-eabi-size   1_Task_Creation.elf 
   text	   data	    bss	    dec	    hex	filename
  25664	    128	  20520	  46312	   b4e8	1_Task_Creation.elf
Finished building: default.size.stdout
 
